C:/Users/jibon/STM32CubeIDE/workspace_1.13.1/ADC_DualModeInterleaved/CM7/Src/main.c:863:13:Error_Handler	8	static
C:/Users/jibon/STM32CubeIDE/workspace_1.13.1/ADC_DualModeInterleaved/CM7/Src/main.c:199:6:myprintf	16	static
C:/Users/jibon/STM32CubeIDE/workspace_1.13.1/ADC_DualModeInterleaved/CM7/Src/main.c:219:5:main	328	static,ignoring_inline_asm
C:/Users/jibon/STM32CubeIDE/workspace_1.13.1/ADC_DualModeInterleaved/CM7/Src/main.c:781:6:HAL_ADC_ConvCpltCallback	0	static,ignoring_inline_asm
C:/Users/jibon/STM32CubeIDE/workspace_1.13.1/ADC_DualModeInterleaved/CM7/Src/main.c:814:6:HAL_ADC_ConvHalfCpltCallback	0	static,ignoring_inline_asm
C:/Users/jibon/STM32CubeIDE/workspace_1.13.1/ADC_DualModeInterleaved/CM7/Src/main.c:845:6:HAL_ADC_ErrorCallback	8	static
