C:/Users/jibon/STM32CubeIDE/workspace_1.13.1/ADC_DualModeInterleaved/CM7/Src/main.c:764:13:Error_Handler	8	static
C:/Users/jibon/STM32CubeIDE/workspace_1.13.1/ADC_DualModeInterleaved/CM7/Src/main.c:142:5:main	328	static,ignoring_inline_asm
C:/Users/jibon/STM32CubeIDE/workspace_1.13.1/ADC_DualModeInterleaved/CM7/Src/main.c:684:6:HAL_ADC_ConvCpltCallback	8	static,ignoring_inline_asm
C:/Users/jibon/STM32CubeIDE/workspace_1.13.1/ADC_DualModeInterleaved/CM7/Src/main.c:715:6:HAL_ADC_ConvHalfCpltCallback	8	static,ignoring_inline_asm
C:/Users/jibon/STM32CubeIDE/workspace_1.13.1/ADC_DualModeInterleaved/CM7/Src/main.c:746:6:HAL_ADC_ErrorCallback	8	static
