C:/Users/jibon/STM32CubeIDE/workspace_1.13.1/ADC_DualModeInterleaved/CM7/Src/stm32h7xx_hal_msp.c:51:6:HAL_ADC_MspInit	48	static
C:/Users/jibon/STM32CubeIDE/workspace_1.13.1/ADC_DualModeInterleaved/CM7/Src/stm32h7xx_hal_msp.c:127:6:HAL_ADC_MspDeInit	8	static
C:/Users/jibon/STM32CubeIDE/workspace_1.13.1/ADC_DualModeInterleaved/CM7/Src/stm32h7xx_hal_msp.c:158:6:HAL_TIM_Base_MspInit	8	static
C:/Users/jibon/STM32CubeIDE/workspace_1.13.1/ADC_DualModeInterleaved/CM7/Src/stm32h7xx_hal_msp.c:186:6:HAL_TIM_Base_MspDeInit	0	static
C:/Users/jibon/STM32CubeIDE/workspace_1.13.1/ADC_DualModeInterleaved/CM7/Src/stm32h7xx_hal_msp.c:219:6:HAL_DAC_MspInit	56	static
C:/Users/jibon/STM32CubeIDE/workspace_1.13.1/ADC_DualModeInterleaved/CM7/Src/stm32h7xx_hal_msp.c:294:6:HAL_DAC_MspDeInit	8	static
