C:/Users/haque/STM32CubeIDE/workspace_1.13.1/ADC_DualModeInterleaved/CM7/Src/main.c:189:5:FindPeak	16	static
C:/Users/haque/STM32CubeIDE/workspace_1.13.1/ADC_DualModeInterleaved/CM7/Src/main.c:202:6:insert_new_value	16	static
C:/Users/haque/STM32CubeIDE/workspace_1.13.1/ADC_DualModeInterleaved/CM7/Src/main.c:232:15:kalman_filter	32	static
C:/Users/haque/STM32CubeIDE/workspace_1.13.1/ADC_DualModeInterleaved/CM7/Src/main.c:259:5:getSimplifiedSlope	24	static
C:/Users/haque/STM32CubeIDE/workspace_1.13.1/ADC_DualModeInterleaved/CM7/Src/main.c:288:9:GetMidLine	24	static
C:/Users/haque/STM32CubeIDE/workspace_1.13.1/ADC_DualModeInterleaved/CM7/Src/main.c:319:13:MX_USART3_UART_Init	8	static
C:/Users/haque/STM32CubeIDE/workspace_1.13.1/ADC_DualModeInterleaved/CM7/Src/main.c:362:6:myprintf	16	static
C:/Users/haque/STM32CubeIDE/workspace_1.13.1/ADC_DualModeInterleaved/CM7/Src/main.c:375:6:HAL_UART_RxCpltCallback	16	static
C:/Users/haque/STM32CubeIDE/workspace_1.13.1/ADC_DualModeInterleaved/CM7/Src/main.c:396:6:HAL_UART_ErrorCallback	24	static
C:/Users/haque/STM32CubeIDE/workspace_1.13.1/ADC_DualModeInterleaved/CM7/Src/main.c:411:6:HAL_TIM_PeriodElapsedCallback	16	static
C:/Users/haque/STM32CubeIDE/workspace_1.13.1/ADC_DualModeInterleaved/CM7/Src/main.c:446:5:main	32	static
C:/Users/haque/STM32CubeIDE/workspace_1.13.1/ADC_DualModeInterleaved/CM7/Src/main.c:641:13:SystemClock_Config	128	static
C:/Users/haque/STM32CubeIDE/workspace_1.13.1/ADC_DualModeInterleaved/CM7/Src/main.c:722:13:ADC_Config	48	static
C:/Users/haque/STM32CubeIDE/workspace_1.13.1/ADC_DualModeInterleaved/CM7/Src/main.c:851:13:TIM4_Config	80	static
C:/Users/haque/STM32CubeIDE/workspace_1.13.1/ADC_DualModeInterleaved/CM7/Src/main.c:928:13:TIM_Config	64	static
C:/Users/haque/STM32CubeIDE/workspace_1.13.1/ADC_DualModeInterleaved/CM7/Src/main.c:1002:13:WaveformVoltageGenerationForTest	112	static
C:/Users/haque/STM32CubeIDE/workspace_1.13.1/ADC_DualModeInterleaved/CM7/Src/main.c:1124:6:HAL_ADC_ConvCpltCallback	40	static,ignoring_inline_asm
C:/Users/haque/STM32CubeIDE/workspace_1.13.1/ADC_DualModeInterleaved/CM7/Src/main.c:1280:6:HAL_ADC_ConvHalfCpltCallback	40	static,ignoring_inline_asm
C:/Users/haque/STM32CubeIDE/workspace_1.13.1/ADC_DualModeInterleaved/CM7/Src/main.c:1311:6:HAL_ADC_ErrorCallback	16	static
C:/Users/haque/STM32CubeIDE/workspace_1.13.1/ADC_DualModeInterleaved/CM7/Src/main.c:1329:13:Error_Handler	8	static
C:/Users/haque/STM32CubeIDE/workspace_1.13.1/ADC_DualModeInterleaved/CM7/Src/main.c:1347:13:MPU_Config	24	static
C:/Users/haque/STM32CubeIDE/workspace_1.13.1/ADC_DualModeInterleaved/CM7/Src/main.c:1399:13:CPU_CACHE_Enable	24	static,ignoring_inline_asm
