C:/Users/jibon/STM32CubeIDE/workspace_1.13.1/ADC_DualModeInterleaved/CM7/Src/main.c:182:5:FindPeak	3
C:/Users/jibon/STM32CubeIDE/workspace_1.13.1/ADC_DualModeInterleaved/CM7/Src/main.c:195:6:insert_new_value	2
C:/Users/jibon/STM32CubeIDE/workspace_1.13.1/ADC_DualModeInterleaved/CM7/Src/main.c:225:15:kalman_filter	1
C:/Users/jibon/STM32CubeIDE/workspace_1.13.1/ADC_DualModeInterleaved/CM7/Src/main.c:252:5:getSimplifiedSlope	2
C:/Users/jibon/STM32CubeIDE/workspace_1.13.1/ADC_DualModeInterleaved/CM7/Src/main.c:275:9:GetMidLine	6
C:/Users/jibon/STM32CubeIDE/workspace_1.13.1/ADC_DualModeInterleaved/CM7/Src/main.c:306:13:MX_USART3_UART_Init	5
C:/Users/jibon/STM32CubeIDE/workspace_1.13.1/ADC_DualModeInterleaved/CM7/Src/main.c:349:6:myprintf	1
C:/Users/jibon/STM32CubeIDE/workspace_1.13.1/ADC_DualModeInterleaved/CM7/Src/main.c:362:6:HAL_UART_RxCpltCallback	4
C:/Users/jibon/STM32CubeIDE/workspace_1.13.1/ADC_DualModeInterleaved/CM7/Src/main.c:383:6:HAL_UART_ErrorCallback	2
C:/Users/jibon/STM32CubeIDE/workspace_1.13.1/ADC_DualModeInterleaved/CM7/Src/main.c:403:5:main	9
C:/Users/jibon/STM32CubeIDE/workspace_1.13.1/ADC_DualModeInterleaved/CM7/Src/main.c:566:13:SystemClock_Config	4
C:/Users/jibon/STM32CubeIDE/workspace_1.13.1/ADC_DualModeInterleaved/CM7/Src/main.c:647:13:ADC_Config	10
C:/Users/jibon/STM32CubeIDE/workspace_1.13.1/ADC_DualModeInterleaved/CM7/Src/main.c:777:13:TIM_Config	4
C:/Users/jibon/STM32CubeIDE/workspace_1.13.1/ADC_DualModeInterleaved/CM7/Src/main.c:851:13:WaveformVoltageGenerationForTest	9
C:/Users/jibon/STM32CubeIDE/workspace_1.13.1/ADC_DualModeInterleaved/CM7/Src/main.c:973:6:HAL_ADC_ConvCpltCallback	4
C:/Users/jibon/STM32CubeIDE/workspace_1.13.1/ADC_DualModeInterleaved/CM7/Src/main.c:1006:6:HAL_ADC_ConvHalfCpltCallback	4
C:/Users/jibon/STM32CubeIDE/workspace_1.13.1/ADC_DualModeInterleaved/CM7/Src/main.c:1037:6:HAL_ADC_ErrorCallback	1
C:/Users/jibon/STM32CubeIDE/workspace_1.13.1/ADC_DualModeInterleaved/CM7/Src/main.c:1055:13:Error_Handler	1
C:/Users/jibon/STM32CubeIDE/workspace_1.13.1/ADC_DualModeInterleaved/CM7/Src/main.c:1073:13:MPU_Config	1
C:/Users/jibon/STM32CubeIDE/workspace_1.13.1/ADC_DualModeInterleaved/CM7/Src/main.c:1125:13:CPU_CACHE_Enable	5
