C:/Users/jibon/STM32CubeIDE/workspace_1.13.1/ADC_DualModeInterleaved/CM7/Src/main.c:187:5:FindPeak	16	static
C:/Users/jibon/STM32CubeIDE/workspace_1.13.1/ADC_DualModeInterleaved/CM7/Src/main.c:200:6:insert_new_value	16	static
C:/Users/jibon/STM32CubeIDE/workspace_1.13.1/ADC_DualModeInterleaved/CM7/Src/main.c:230:15:kalman_filter	32	static
C:/Users/jibon/STM32CubeIDE/workspace_1.13.1/ADC_DualModeInterleaved/CM7/Src/main.c:257:5:getSimplifiedSlope	24	static
C:/Users/jibon/STM32CubeIDE/workspace_1.13.1/ADC_DualModeInterleaved/CM7/Src/main.c:286:9:GetMidLine	24	static
C:/Users/jibon/STM32CubeIDE/workspace_1.13.1/ADC_DualModeInterleaved/CM7/Src/main.c:317:13:MX_USART3_UART_Init	8	static
C:/Users/jibon/STM32CubeIDE/workspace_1.13.1/ADC_DualModeInterleaved/CM7/Src/main.c:360:6:myprintf	16	static
C:/Users/jibon/STM32CubeIDE/workspace_1.13.1/ADC_DualModeInterleaved/CM7/Src/main.c:373:6:HAL_UART_RxCpltCallback	16	static
C:/Users/jibon/STM32CubeIDE/workspace_1.13.1/ADC_DualModeInterleaved/CM7/Src/main.c:394:6:HAL_UART_ErrorCallback	24	static
C:/Users/jibon/STM32CubeIDE/workspace_1.13.1/ADC_DualModeInterleaved/CM7/Src/main.c:409:6:HAL_TIM_PeriodElapsedCallback	16	static
C:/Users/jibon/STM32CubeIDE/workspace_1.13.1/ADC_DualModeInterleaved/CM7/Src/main.c:444:5:main	32	static
C:/Users/jibon/STM32CubeIDE/workspace_1.13.1/ADC_DualModeInterleaved/CM7/Src/main.c:639:13:SystemClock_Config	128	static
C:/Users/jibon/STM32CubeIDE/workspace_1.13.1/ADC_DualModeInterleaved/CM7/Src/main.c:720:13:ADC_Config	48	static
C:/Users/jibon/STM32CubeIDE/workspace_1.13.1/ADC_DualModeInterleaved/CM7/Src/main.c:849:13:TIM4_Config	80	static
C:/Users/jibon/STM32CubeIDE/workspace_1.13.1/ADC_DualModeInterleaved/CM7/Src/main.c:926:13:TIM_Config	64	static
C:/Users/jibon/STM32CubeIDE/workspace_1.13.1/ADC_DualModeInterleaved/CM7/Src/main.c:1000:13:WaveformVoltageGenerationForTest	112	static
C:/Users/jibon/STM32CubeIDE/workspace_1.13.1/ADC_DualModeInterleaved/CM7/Src/main.c:1122:6:HAL_ADC_ConvCpltCallback	40	static,ignoring_inline_asm
C:/Users/jibon/STM32CubeIDE/workspace_1.13.1/ADC_DualModeInterleaved/CM7/Src/main.c:1278:6:HAL_ADC_ConvHalfCpltCallback	40	static,ignoring_inline_asm
C:/Users/jibon/STM32CubeIDE/workspace_1.13.1/ADC_DualModeInterleaved/CM7/Src/main.c:1309:6:HAL_ADC_ErrorCallback	16	static
C:/Users/jibon/STM32CubeIDE/workspace_1.13.1/ADC_DualModeInterleaved/CM7/Src/main.c:1327:13:Error_Handler	8	static
C:/Users/jibon/STM32CubeIDE/workspace_1.13.1/ADC_DualModeInterleaved/CM7/Src/main.c:1345:13:MPU_Config	24	static
C:/Users/jibon/STM32CubeIDE/workspace_1.13.1/ADC_DualModeInterleaved/CM7/Src/main.c:1397:13:CPU_CACHE_Enable	24	static,ignoring_inline_asm
