C:/Users/jibon/STM32CubeIDE/workspace_1.13.1/ADC_DualModeInterleaved/CM7/Src/stm32h7xx_it.c:56:6:NMI_Handler	4	static
C:/Users/jibon/STM32CubeIDE/workspace_1.13.1/ADC_DualModeInterleaved/CM7/Src/stm32h7xx_it.c:65:6:HardFault_Handler	4	static
C:/Users/jibon/STM32CubeIDE/workspace_1.13.1/ADC_DualModeInterleaved/CM7/Src/stm32h7xx_it.c:78:6:MemManage_Handler	4	static
C:/Users/jibon/STM32CubeIDE/workspace_1.13.1/ADC_DualModeInterleaved/CM7/Src/stm32h7xx_it.c:91:6:BusFault_Handler	4	static
C:/Users/jibon/STM32CubeIDE/workspace_1.13.1/ADC_DualModeInterleaved/CM7/Src/stm32h7xx_it.c:104:6:UsageFault_Handler	4	static
C:/Users/jibon/STM32CubeIDE/workspace_1.13.1/ADC_DualModeInterleaved/CM7/Src/stm32h7xx_it.c:117:6:SVC_Handler	4	static
C:/Users/jibon/STM32CubeIDE/workspace_1.13.1/ADC_DualModeInterleaved/CM7/Src/stm32h7xx_it.c:126:6:DebugMon_Handler	4	static
C:/Users/jibon/STM32CubeIDE/workspace_1.13.1/ADC_DualModeInterleaved/CM7/Src/stm32h7xx_it.c:135:6:PendSV_Handler	4	static
C:/Users/jibon/STM32CubeIDE/workspace_1.13.1/ADC_DualModeInterleaved/CM7/Src/stm32h7xx_it.c:144:6:SysTick_Handler	8	static
C:/Users/jibon/STM32CubeIDE/workspace_1.13.1/ADC_DualModeInterleaved/CM7/Src/stm32h7xx_it.c:161:6:EXTI15_10_IRQHandler	8	static
C:/Users/jibon/STM32CubeIDE/workspace_1.13.1/ADC_DualModeInterleaved/CM7/Src/stm32h7xx_it.c:173:6:ADC_IRQHandler	8	static
C:/Users/jibon/STM32CubeIDE/workspace_1.13.1/ADC_DualModeInterleaved/CM7/Src/stm32h7xx_it.c:182:6:USART3_IRQHandler	8	static
C:/Users/jibon/STM32CubeIDE/workspace_1.13.1/ADC_DualModeInterleaved/CM7/Src/stm32h7xx_it.c:196:6:TIM4_IRQHandler	8	static
C:/Users/jibon/STM32CubeIDE/workspace_1.13.1/ADC_DualModeInterleaved/CM7/Src/stm32h7xx_it.c:212:6:DMA1_Stream1_IRQHandler	8	static
C:/Users/jibon/STM32CubeIDE/workspace_1.13.1/ADC_DualModeInterleaved/CM7/Src/stm32h7xx_it.c:217:6:ADCy_DMA_IRQHandler	8	static
C:/Users/jibon/STM32CubeIDE/workspace_1.13.1/ADC_DualModeInterleaved/CM7/Src/stm32h7xx_it.c:225:6:DMA1_Stream3_IRQHandler	8	static
C:/Users/jibon/STM32CubeIDE/workspace_1.13.1/ADC_DualModeInterleaved/CM7/Src/stm32h7xx_it.c:235:6:TIM6_DAC_IRQHandler	8	static
