Archive member included to satisfy reference by file (symbol)

C:/ST/STM32CubeIDE_1.13.1/STM32CubeIDE/plugins/com.st.stm32cube.ide.mcu.externaltools.gnu-tools-for-stm32.11.3.rel1.win32_1.1.100.202309141235/tools/bin/../lib/gcc/arm-none-eabi/11.3.1/../../../../arm-none-eabi/lib/thumb/v7e-m+fp/hard\libc_nano.a(libc_a-exit.o)
                              C:/ST/STM32CubeIDE_1.13.1/STM32CubeIDE/plugins/com.st.stm32cube.ide.mcu.externaltools.gnu-tools-for-stm32.11.3.rel1.win32_1.1.100.202309141235/tools/bin/../lib/gcc/arm-none-eabi/11.3.1/../../../../arm-none-eabi/lib/thumb/v7e-m+fp/hard/crt0.o (exit)
C:/ST/STM32CubeIDE_1.13.1/STM32CubeIDE/plugins/com.st.stm32cube.ide.mcu.externaltools.gnu-tools-for-stm32.11.3.rel1.win32_1.1.100.202309141235/tools/bin/../lib/gcc/arm-none-eabi/11.3.1/../../../../arm-none-eabi/lib/thumb/v7e-m+fp/hard\libc_nano.a(libc_a-findfp.o)
                              C:/ST/STM32CubeIDE_1.13.1/STM32CubeIDE/plugins/com.st.stm32cube.ide.mcu.externaltools.gnu-tools-for-stm32.11.3.rel1.win32_1.1.100.202309141235/tools/bin/../lib/gcc/arm-none-eabi/11.3.1/../../../../arm-none-eabi/lib/thumb/v7e-m+fp/hard\libc_nano.a(libc_a-exit.o) (__stdio_exit_handler)
C:/ST/STM32CubeIDE_1.13.1/STM32CubeIDE/plugins/com.st.stm32cube.ide.mcu.externaltools.gnu-tools-for-stm32.11.3.rel1.win32_1.1.100.202309141235/tools/bin/../lib/gcc/arm-none-eabi/11.3.1/../../../../arm-none-eabi/lib/thumb/v7e-m+fp/hard\libc_nano.a(libc_a-fwalk.o)
                              C:/ST/STM32CubeIDE_1.13.1/STM32CubeIDE/plugins/com.st.stm32cube.ide.mcu.externaltools.gnu-tools-for-stm32.11.3.rel1.win32_1.1.100.202309141235/tools/bin/../lib/gcc/arm-none-eabi/11.3.1/../../../../arm-none-eabi/lib/thumb/v7e-m+fp/hard\libc_nano.a(libc_a-findfp.o) (_fwalk_sglue)
C:/ST/STM32CubeIDE_1.13.1/STM32CubeIDE/plugins/com.st.stm32cube.ide.mcu.externaltools.gnu-tools-for-stm32.11.3.rel1.win32_1.1.100.202309141235/tools/bin/../lib/gcc/arm-none-eabi/11.3.1/../../../../arm-none-eabi/lib/thumb/v7e-m+fp/hard\libc_nano.a(libc_a-stdio.o)
                              C:/ST/STM32CubeIDE_1.13.1/STM32CubeIDE/plugins/com.st.stm32cube.ide.mcu.externaltools.gnu-tools-for-stm32.11.3.rel1.win32_1.1.100.202309141235/tools/bin/../lib/gcc/arm-none-eabi/11.3.1/../../../../arm-none-eabi/lib/thumb/v7e-m+fp/hard\libc_nano.a(libc_a-findfp.o) (__sread)
C:/ST/STM32CubeIDE_1.13.1/STM32CubeIDE/plugins/com.st.stm32cube.ide.mcu.externaltools.gnu-tools-for-stm32.11.3.rel1.win32_1.1.100.202309141235/tools/bin/../lib/gcc/arm-none-eabi/11.3.1/../../../../arm-none-eabi/lib/thumb/v7e-m+fp/hard\libc_nano.a(libc_a-memset.o)
                              C:/ST/STM32CubeIDE_1.13.1/STM32CubeIDE/plugins/com.st.stm32cube.ide.mcu.externaltools.gnu-tools-for-stm32.11.3.rel1.win32_1.1.100.202309141235/tools/bin/../lib/gcc/arm-none-eabi/11.3.1/../../../../arm-none-eabi/lib/thumb/v7e-m+fp/hard/crt0.o (memset)
C:/ST/STM32CubeIDE_1.13.1/STM32CubeIDE/plugins/com.st.stm32cube.ide.mcu.externaltools.gnu-tools-for-stm32.11.3.rel1.win32_1.1.100.202309141235/tools/bin/../lib/gcc/arm-none-eabi/11.3.1/../../../../arm-none-eabi/lib/thumb/v7e-m+fp/hard\libc_nano.a(libc_a-closer.o)
                              C:/ST/STM32CubeIDE_1.13.1/STM32CubeIDE/plugins/com.st.stm32cube.ide.mcu.externaltools.gnu-tools-for-stm32.11.3.rel1.win32_1.1.100.202309141235/tools/bin/../lib/gcc/arm-none-eabi/11.3.1/../../../../arm-none-eabi/lib/thumb/v7e-m+fp/hard\libc_nano.a(libc_a-stdio.o) (_close_r)
C:/ST/STM32CubeIDE_1.13.1/STM32CubeIDE/plugins/com.st.stm32cube.ide.mcu.externaltools.gnu-tools-for-stm32.11.3.rel1.win32_1.1.100.202309141235/tools/bin/../lib/gcc/arm-none-eabi/11.3.1/../../../../arm-none-eabi/lib/thumb/v7e-m+fp/hard\libc_nano.a(libc_a-reent.o)
                              C:/ST/STM32CubeIDE_1.13.1/STM32CubeIDE/plugins/com.st.stm32cube.ide.mcu.externaltools.gnu-tools-for-stm32.11.3.rel1.win32_1.1.100.202309141235/tools/bin/../lib/gcc/arm-none-eabi/11.3.1/../../../../arm-none-eabi/lib/thumb/v7e-m+fp/hard\libc_nano.a(libc_a-closer.o) (errno)
C:/ST/STM32CubeIDE_1.13.1/STM32CubeIDE/plugins/com.st.stm32cube.ide.mcu.externaltools.gnu-tools-for-stm32.11.3.rel1.win32_1.1.100.202309141235/tools/bin/../lib/gcc/arm-none-eabi/11.3.1/../../../../arm-none-eabi/lib/thumb/v7e-m+fp/hard\libc_nano.a(libc_a-impure.o)
                              C:/ST/STM32CubeIDE_1.13.1/STM32CubeIDE/plugins/com.st.stm32cube.ide.mcu.externaltools.gnu-tools-for-stm32.11.3.rel1.win32_1.1.100.202309141235/tools/bin/../lib/gcc/arm-none-eabi/11.3.1/../../../../arm-none-eabi/lib/thumb/v7e-m+fp/hard\libc_nano.a(libc_a-reent.o) (_impure_ptr)
C:/ST/STM32CubeIDE_1.13.1/STM32CubeIDE/plugins/com.st.stm32cube.ide.mcu.externaltools.gnu-tools-for-stm32.11.3.rel1.win32_1.1.100.202309141235/tools/bin/../lib/gcc/arm-none-eabi/11.3.1/../../../../arm-none-eabi/lib/thumb/v7e-m+fp/hard\libc_nano.a(libc_a-lseekr.o)
[...]
Memory Configuration

Name             Origin             Length             Attributes
FLASH            0x0000000008100000 0x0000000000100000 xr
RAM              0x0000000010000000 0x0000000000048000 xrw
*default*        0x0000000000000000 0xffffffffffffffff

Linker script and memory map

LOAD C:/ST/STM32CubeIDE_1.13.1/STM32CubeIDE/plugins/com.st.stm32cube.ide.mcu.externaltools.gnu-tools-for-stm32.11.3.rel1.win32_1.1.100.202309141235/tools/bin/../lib/gcc/arm-none-eabi/11.3.1/thumb/v7e-m+fp/hard/crti.o
LOAD C:/ST/STM32CubeIDE_1.13.1/STM32CubeIDE/plugins/com.st.stm32cube.ide.mcu.externaltools.gnu-tools-for-stm32.11.3.rel1.win32_1.1.100.202309141235/tools/bin/../lib/gcc/arm-none-eabi/11.3.1/thumb/v7e-m+fp/hard/crtbegin.o
LOAD C:/ST/STM32CubeIDE_1.13.1/STM32CubeIDE/plugins/com.st.stm32cube.ide.mcu.externaltools.gnu-tools-for-stm32.11.3.rel1.win32_1.1.100.202309141235/tools/bin/../lib/gcc/arm-none-eabi/11.3.1/../../../../arm-none-eabi/lib/thumb/v7e-m+fp/hard/crt0.o
LOAD ./Drivers/BSP/STM32H745I_Nucleo/stm32h7xx_nucleo.o
LOAD ./Drivers/CMSIS/system_stm32h7xx.o
LOAD ./Drivers/STM32H7xx_HAL_Driver/stm32h7xx_hal.o
LOAD ./Drivers/STM32H7xx_HAL_Driver/stm32h7xx_hal_adc.o
LOAD ./Drivers/STM32H7xx_HAL_Driver/stm32h7xx_hal_adc_ex.o
LOAD ./Drivers/STM32H7xx_HAL_Driver/stm32h7xx_hal_cortex.o
LOAD ./Drivers/STM32H7xx_HAL_Driver/stm32h7xx_hal_dac.o
LOAD ./Drivers/STM32H7xx_HAL_Driver/stm32h7xx_hal_dac_ex.o
LOAD ./Drivers/STM32H7xx_HAL_Driver/stm32h7xx_hal_dma.o
LOAD ./Drivers/STM32H7xx_HAL_Driver/stm32h7xx_hal_dma_ex.o
LOAD ./Drivers/STM32H7xx_HAL_Driver/stm32h7xx_hal_exti.o
LOAD ./Drivers/STM32H7xx_HAL_Driver/stm32h7xx_hal_gpio.o
LOAD ./Drivers/STM32H7xx_HAL_Driver/stm32h7xx_hal_hsem.o
LOAD ./Drivers/STM32H7xx_HAL_Driver/stm32h7xx_hal_i2c.o
LOAD ./Drivers/STM32H7xx_HAL_Driver/stm32h7xx_hal_i2c_ex.o
LOAD ./Drivers/STM32H7xx_HAL_Driver/stm32h7xx_hal_pwr.o
LOAD ./Drivers/STM32H7xx_HAL_Driver/stm32h7xx_hal_pwr_ex.o
LOAD ./Drivers/STM32H7xx_HAL_Driver/stm32h7xx_hal_rcc.o
LOAD ./Drivers/STM32H7xx_HAL_Driver/stm32h7xx_hal_rcc_ex.o
LOAD ./Drivers/STM32H7xx_HAL_Driver/stm32h7xx_hal_spi.o
LOAD ./Drivers/STM32H7xx_HAL_Driver/stm32h7xx_hal_tim.o
LOAD ./Drivers/STM32H7xx_HAL_Driver/stm32h7xx_hal_tim_ex.o
LOAD ./Drivers/STM32H7xx_HAL_Driver/stm32h7xx_hal_uart.o
LOAD ./Drivers/STM32H7xx_HAL_Driver/stm32h7xx_hal_uart_ex.o
LOAD ./Example/User/CM4/main.o
LOAD ./Example/User/CM4/stm32h7xx_hal_msp.o
LOAD ./Example/User/CM4/stm32h7xx_it.o
LOAD ./Example/User/CM4/syscalls.o
LOAD ./Example/User/CM4/sysmem.o
LOAD ./Example/User/Startup/startup_stm32h745zitx.o
START GROUP
LOAD C:/ST/STM32CubeIDE_1.13.1/STM32CubeIDE/plugins/com.st.stm32cube.ide.mcu.externaltools.gnu-tools-for-stm32.11.3.rel1.win32_1.1.100.202309141235/tools/bin/../lib/gcc/arm-none-eabi/11.3.1/../../../../arm-none-eabi/lib/thumb/v7e-m+fp/hard\libc_nano.a
LOAD C:/ST/STM32CubeIDE_1.13.1/STM32CubeIDE/plugins/com.st.stm32cube.ide.mcu.externaltools.gnu-tools-for-stm32.11.3.rel1.win32_1.1.100.202309141235/tools/bin/../lib/gcc/arm-none-eabi/11.3.1/../../../../arm-none-eabi/lib/thumb/v7e-m+fp/hard\libm.a
END GROUP
START GROUP
LOAD C:/ST/STM32CubeIDE_1.13.1/STM32CubeIDE/plugins/com.st.stm32cube.ide.mcu.externaltools.gnu-tools-for-stm32.11.3.rel1.win32_1.1.100.202309141235/tools/bin/../lib/gcc/arm-none-eabi/11.3.1/thumb/v7e-m+fp/hard\libgcc.a
LOAD C:/ST/STM32CubeIDE_1.13.1/STM32CubeIDE/plugins/com.st.stm32cube.ide.mcu.externaltools.gnu-tools-for-stm32.11.3.rel1.win32_1.1.100.202309141235/tools/bin/../lib/gcc/arm-none-eabi/11.3.1/../../../../arm-none-eabi/lib/thumb/v7e-m+fp/hard\libc_nano.a
END GROUP
START GROUP
LOAD C:/ST/STM32CubeIDE_1.13.1/STM32CubeIDE/plugins/com.st.stm32cube.ide.mcu.externaltools.gnu-tools-for-stm32.11.3.rel1.win32_1.1.100.202309141235/tools/bin/../lib/gcc/arm-none-eabi/11.3.1/thumb/v7e-m+fp/hard\libgcc.a
LOAD C:/ST/STM32CubeIDE_1.13.1/STM32CubeIDE/plugins/com.st.stm32cube.ide.mcu.externaltools.gnu-tools-for-stm32.11.3.rel1.win32_1.1.100.202309141235/tools/bin/../lib/gcc/arm-none-eabi/11.3.1/../../../../arm-none-eabi/lib/thumb/v7e-m+fp/hard\libc_nano.a
LOAD C:/ST/STM32CubeIDE_1.13.1/STM32CubeIDE/plugins/com.st.stm32cube.ide.mcu.externaltools.gnu-tools-for-stm32.11.3.rel1.win32_1.1.100.202309141235/tools/bin/../lib/gcc/arm-none-eabi/11.3.1/../../../../arm-none-eabi/lib/thumb/v7e-m+fp/hard\libnosys.a
END GROUP
START GROUP
LOAD C:/ST/STM32CubeIDE_1.13.1/STM32CubeIDE/plugins/com.st.stm32cube.ide.mcu.externaltools.gnu-tools-for-stm32.11.3.rel1.win32_1.1.100.202309141235/tools/bin/../lib/gcc/arm-none-eabi/11.3.1/thumb/v7e-m+fp/hard\libgcc.a
LOAD C:/ST/STM32CubeIDE_1.13.1/STM32CubeIDE/plugins/com.st.stm32cube.ide.mcu.externaltools.gnu-tools-for-stm32.11.3.rel1.win32_1.1.100.202309141235/tools/bin/../lib/gcc/arm-none-eabi/11.3.1/../../../../arm-none-eabi/lib/thumb/v7e-m+fp/hard\libc_nano.a
LOAD C:/ST/STM32CubeIDE_1.13.1/STM32CubeIDE/plugins/com.st.stm32cube.ide.mcu.externaltools.gnu-tools-for-stm32.11.3.rel1.win32_1.1.100.202309141235/tools/bin/../lib/gcc/arm-none-eabi/11.3.1/../../../../arm-none-eabi/lib/thumb/v7e-m+fp/hard\libnosys.a
END GROUP
LOAD C:/ST/STM32CubeIDE_1.13.1/STM32CubeIDE/plugins/com.st.stm32cube.ide.mcu.externaltools.gnu-tools-for-stm32.11.3.rel1.win32_1.1.100.202309141235/tools/bin/../lib/gcc/arm-none-eabi/11.3.1/thumb/v7e-m+fp/hard/crtend.o
LOAD C:/ST/STM32CubeIDE_1.13.1/STM32CubeIDE/plugins/com.st.stm32cube.ide.mcu.externaltools.gnu-tools-for-stm32.11.3.rel1.win32_1.1.100.202309141235/tools/bin/../lib/gcc/arm-none-eabi/11.3.1/thumb/v7e-m+fp/hard/crtn.o
                0x0000000010048000                _estack = 0x10048000
                0x0000000000000200                _Min_Heap_Size = 0x200
                0x0000000000000400                _Min_Stack_Size = 0x400

.isr_vector     0x0000000008100000      0x298
                0x0000000008100000                . = ALIGN (0x4)
 *(.isr_vector)
 .isr_vector    0x0000000008100000      0x298 ./Example/User/Startup/startup_stm32h745zitx.o
                0x0000000008100000                g_pfnVectors
                0x0000000008100298                . = ALIGN (0x4)

.text           0x0000000008100298      0x97c
                0x0000000008100298                . = ALIGN (0x4)
 *(.text)
 .text          0x0000000008100298       0x40 C:/ST/STM32CubeIDE_1.13.1/STM32CubeIDE/plugins/com.st.stm32cube.ide.mcu.externaltools.gnu-tools-for-stm32.11.3.rel1.win32_1.1.100.202309141235/tools/bin/../lib/gcc/arm-none-eabi/11.3.1/thumb/v7e-m+fp/hard/crtbegin.o
 *(.text*)
 .text.SystemInit
                0x00000000081002d8       0x38 ./Drivers/CMSIS/system_stm32h7xx.o
                0x00000000081002d8                SystemInit
 .text.HAL_Init
                0x0000000008100310       0xbc ./Drivers/STM32H7xx_HAL_Driver/stm32h7xx_hal.o
                0x0000000008100310                HAL_Init
 .text.HAL_InitTick
                0x00000000081003cc       0x6c ./Drivers/STM32H7xx_HAL_Driver/stm32h7xx_hal.o
                0x00000000081003cc                HAL_InitTick
 .text.HAL_IncTick
                0x0000000008100438       0x28 ./Drivers/STM32H7xx_HAL_Driver/stm32h7xx_hal.o
                0x0000000008100438                HAL_IncTick
 .text.__NVIC_SetPriorityGrouping
                0x0000000008100460       0x48 ./Drivers/STM32H7xx_HAL_Driver/stm32h7xx_hal_cortex.o
 .text.__NVIC_GetPriorityGrouping
                0x00000000081004a8       0x1c ./Drivers/STM32H7xx_HAL_Driver/stm32h7xx_hal_cortex.o
 .text.__NVIC_SetPriority
                0x00000000081004c4       0x54 ./Drivers/STM32H7xx_HAL_Driver/stm32h7xx_hal_cortex.o
 .text.NVIC_EncodePriority
                0x0000000008100518       0x66 ./Drivers/STM32H7xx_HAL_Driver/stm32h7xx_hal_cortex.o
 *fill*         0x000000000810057e        0x2 
 .text.SysTick_Config
                0x0000000008100580       0x44 ./Drivers/STM32H7xx_HAL_Driver/stm32h7xx_hal_cortex.o
 .text.HAL_NVIC_SetPriorityGrouping
                0x00000000081005c4       0x16 ./Drivers/STM32H7xx_HAL_Driver/stm32h7xx_hal_cortex.o
                0x00000000081005c4                HAL_NVIC_SetPriorityGrouping
 .text.HAL_NVIC_SetPriority
                0x00000000081005da       0x34 ./Drivers/STM32H7xx_HAL_Driver/stm32h7xx_hal_cortex.o
                0x00000000081005da                HAL_NVIC_SetPriority
 .text.HAL_SYSTICK_Config
                0x000000000810060e       0x18 ./Drivers/STM32H7xx_HAL_Driver/stm32h7xx_hal_cortex.o
                0x000000000810060e                HAL_SYSTICK_Config
 *fill*         0x0000000008100626        0x2 
 .text.HAL_GetCurrentCPUID
                0x0000000008100628       0x28 ./Drivers/STM32H7xx_HAL_Driver/stm32h7xx_hal_cortex.o
                0x0000000008100628                HAL_GetCurrentCPUID
 .text.HAL_HSEM_ActivateNotification
                0x0000000008100650       0x24 ./Drivers/STM32H7xx_HAL_Driver/stm32h7xx_hal_hsem.o
                0x0000000008100650                HAL_HSEM_ActivateNotification
 .text.HAL_PWREx_EnterSTOPMode
                0x0000000008100674       0xf4 ./Drivers/STM32H7xx_HAL_Driver/stm32h7xx_hal_pwr_ex.o
                0x0000000008100674                HAL_PWREx_EnterSTOPMode
 .text.HAL_PWREx_ClearPendingEvent
                0x0000000008100768       0x1a ./Drivers/STM32H7xx_HAL_Driver/stm32h7xx_hal_pwr_ex.o
                0x0000000008100768                HAL_PWREx_ClearPendingEvent
 *fill*         0x0000000008100782        0x2 
 .text.HAL_RCC_GetSysClockFreq
                0x0000000008100784      0x2f4 ./Drivers/STM32H7xx_HAL_Driver/stm32h7xx_hal_rcc.o
                0x0000000008100784                HAL_RCC_GetSysClockFreq
 .text.main     0x0000000008100a78       0x7c ./Example/User/CM4/main.o
                0x0000000008100a78                main
 .text.HAL_MspInit
                0x0000000008100af4        0xe ./Example/User/CM4/stm32h7xx_hal_msp.o
                0x0000000008100af4                HAL_MspInit
 .text.NMI_Handler
                0x0000000008100b02        0xe ./Example/User/CM4/stm32h7xx_it.o
                0x0000000008100b02                NMI_Handler
 .text.HardFault_Handler
                0x0000000008100b10        0x6 ./Example/User/CM4/stm32h7xx_it.o
                0x0000000008100b10                HardFault_Handler
 .text.MemManage_Handler
                0x0000000008100b16        0x6 ./Example/User/CM4/stm32h7xx_it.o
                0x0000000008100b16                MemManage_Handler
 .text.BusFault_Handler
                0x0000000008100b1c        0x6 ./Example/User/CM4/stm32h7xx_it.o
                0x0000000008100b1c                BusFault_Handler
 .text.UsageFault_Handler
                0x0000000008100b22        0x6 ./Example/User/CM4/stm32h7xx_it.o
                0x0000000008100b22                UsageFault_Handler
 .text.SVC_Handler
                0x0000000008100b28        0xe ./Example/User/CM4/stm32h7xx_it.o
                0x0000000008100b28                SVC_Handler
 .text.DebugMon_Handler
                0x0000000008100b36        0xe ./Example/User/CM4/stm32h7xx_it.o
                0x0000000008100b36                DebugMon_Handler
 .text.PendSV_Handler
                0x0000000008100b44        0xe ./Example/User/CM4/stm32h7xx_it.o
                0x0000000008100b44                PendSV_Handler
 .text.SysTick_Handler
                0x0000000008100b52        0xc ./Example/User/CM4/stm32h7xx_it.o
                0x0000000008100b52                SysTick_Handler
 *fill*         0x0000000008100b5e        0x2 
 .text.Reset_Handler
                0x0000000008100b60       0x50 ./Example/User/Startup/startup_stm32h745zitx.o
                0x0000000008100b60                Reset_Handler
 .text.Default_Handler
                0x0000000008100bb0        0x2 ./Example/User/Startup/startup_stm32h745zitx.o
                0x0000000008100bb0                RTC_Alarm_IRQHandler
                0x0000000008100bb0                EXTI2_IRQHandler
                0x0000000008100bb0                TIM8_CC_IRQHandler
                0x0000000008100bb0                HRTIM1_Master_IRQHandler
                0x0000000008100bb0                UART8_IRQHandler
                0x0000000008100bb0                SPI4_IRQHandler
                0x0000000008100bb0                TIM1_CC_IRQHandler
                0x0000000008100bb0                BDMA_Channel6_IRQHandler
                0x0000000008100bb0                DMA2_Stream5_IRQHandler
                0x0000000008100bb0                HRTIM1_FLT_IRQHandler
                0x0000000008100bb0                JPEG_IRQHandler
                0x0000000008100bb0                DMA1_Stream5_IRQHandler
                0x0000000008100bb0                BDMA_Channel1_IRQHandler
                0x0000000008100bb0                HRTIM1_TIMD_IRQHandler
                0x0000000008100bb0                TAMP_STAMP_IRQHandler
                0x0000000008100bb0                EXTI3_IRQHandler
                0x0000000008100bb0                LPTIM4_IRQHandler
                0x0000000008100bb0                TIM8_TRG_COM_TIM14_IRQHandler
                0x0000000008100bb0                LPTIM2_IRQHandler
                0x0000000008100bb0                DFSDM1_FLT1_IRQHandler
                0x0000000008100bb0                DMAMUX2_OVR_IRQHandler
                0x0000000008100bb0                TIM8_UP_TIM13_IRQHandler
                0x0000000008100bb0                I2C3_ER_IRQHandler
                0x0000000008100bb0                DFSDM1_FLT2_IRQHandler
                0x0000000008100bb0                MDMA_IRQHandler
                0x0000000008100bb0                LPTIM3_IRQHandler
                0x0000000008100bb0                HSEM1_IRQHandler
                0x0000000008100bb0                EXTI0_IRQHandler
                0x0000000008100bb0                I2C2_EV_IRQHandler
                0x0000000008100bb0                DMA1_Stream2_IRQHandler
                0x0000000008100bb0                FPU_IRQHandler
                0x0000000008100bb0                OTG_HS_WKUP_IRQHandler
                0x0000000008100bb0                FDCAN1_IT1_IRQHandler
                0x0000000008100bb0                LTDC_ER_IRQHandler
                0x0000000008100bb0                DMA2_Stream2_IRQHandler
                0x0000000008100bb0                HRTIM1_TIME_IRQHandler
                0x0000000008100bb0                SPI1_IRQHandler
                0x0000000008100bb0                TIM6_DAC_IRQHandler
                0x0000000008100bb0                DCMI_IRQHandler
                0x0000000008100bb0                HRTIM1_TIMC_IRQHandler
                0x0000000008100bb0                DMA2_Stream3_IRQHandler
                0x0000000008100bb0                SAI2_IRQHandler
                0x0000000008100bb0                DFSDM1_FLT3_IRQHandler
                0x0000000008100bb0                USART6_IRQHandler
                0x0000000008100bb0                TIM17_IRQHandler
                0x0000000008100bb0                USART3_IRQHandler
                0x0000000008100bb0                BDMA_Channel7_IRQHandler
                0x0000000008100bb0                LPTIM5_IRQHandler
                0x0000000008100bb0                UART5_IRQHandler
                0x0000000008100bb0                ADC3_IRQHandler
                0x0000000008100bb0                DMA2_Stream0_IRQHandler
                0x0000000008100bb0                TIM4_IRQHandler
                0x0000000008100bb0                BDMA_Channel2_IRQHandler
                0x0000000008100bb0                QUADSPI_IRQHandler
                0x0000000008100bb0                I2C1_EV_IRQHandler
                0x0000000008100bb0                DMA1_Stream6_IRQHandler
                0x0000000008100bb0                DMAMUX1_OVR_IRQHandler
                0x0000000008100bb0                DMA1_Stream1_IRQHandler
                0x0000000008100bb0                TIM16_IRQHandler
                0x0000000008100bb0                UART4_IRQHandler
                0x0000000008100bb0                BDMA_Channel5_IRQHandler
                0x0000000008100bb0                TIM3_IRQHandler
                0x0000000008100bb0                RCC_IRQHandler
                0x0000000008100bb0                TIM8_BRK_TIM12_IRQHandler
                0x0000000008100bb0                TIM1_TRG_COM_IRQHandler
                0x0000000008100bb0                Default_Handler
                0x0000000008100bb0                ECC_IRQHandler
                0x0000000008100bb0                CEC_IRQHandler
                0x0000000008100bb0                EXTI15_10_IRQHandler
                0x0000000008100bb0                BDMA_Channel0_IRQHandler
                0x0000000008100bb0                ADC_IRQHandler
                0x0000000008100bb0                DMA1_Stream7_IRQHandler
                0x0000000008100bb0                HRTIM1_TIMA_IRQHandler
                0x0000000008100bb0                SPI5_IRQHandler
                0x0000000008100bb0                TIM7_IRQHandler
                0x0000000008100bb0                SDMMC1_IRQHandler
                0x0000000008100bb0                TIM5_IRQHandler
                0x0000000008100bb0                DMA2_Stream7_IRQHandler
                0x0000000008100bb0                TIM15_IRQHandler
                0x0000000008100bb0                PVD_AVD_IRQHandler
                0x0000000008100bb0                I2C3_EV_IRQHandler
                0x0000000008100bb0                EXTI9_5_IRQHandler
                0x0000000008100bb0                RTC_WKUP_IRQHandler
                0x0000000008100bb0                LTDC_IRQHandler
                0x0000000008100bb0                SAI3_IRQHandler
                0x0000000008100bb0                ETH_WKUP_IRQHandler
                0x0000000008100bb0                SPDIF_RX_IRQHandler
                0x0000000008100bb0                SPI2_IRQHandler
                0x0000000008100bb0                OTG_HS_EP1_IN_IRQHandler
                0x0000000008100bb0                DMA1_Stream0_IRQHandler
                0x0000000008100bb0                CRS_IRQHandler
                0x0000000008100bb0                CM7_SEV_IRQHandler
                0x0000000008100bb0                EXTI4_IRQHandler
                0x0000000008100bb0                RNG_IRQHandler
                0x0000000008100bb0                CM4_SEV_IRQHandler
                0x0000000008100bb0                HRTIM1_TIMB_IRQHandler
                0x0000000008100bb0                FDCAN2_IT1_IRQHandler
                0x0000000008100bb0                ETH_IRQHandler
                0x0000000008100bb0                TIM1_UP_IRQHandler
                0x0000000008100bb0                WWDG_RST_IRQHandler
                0x0000000008100bb0                BDMA_Channel4_IRQHandler
                0x0000000008100bb0                OTG_HS_EP1_OUT_IRQHandler
                0x0000000008100bb0                WWDG_IRQHandler
                0x0000000008100bb0                SPI6_IRQHandler
                0x0000000008100bb0                MDIOS_IRQHandler
                0x0000000008100bb0                I2C4_EV_IRQHandler
                0x0000000008100bb0                FDCAN2_IT0_IRQHandler
                0x0000000008100bb0                LPUART1_IRQHandler
                0x0000000008100bb0                FDCAN1_IT0_IRQHandler
                0x0000000008100bb0                TIM2_IRQHandler
                0x0000000008100bb0                OTG_FS_WKUP_IRQHandler
                0x0000000008100bb0                OTG_HS_IRQHandler
                0x0000000008100bb0                HSEM2_IRQHandler
                0x0000000008100bb0                DMA2D_IRQHandler
                0x0000000008100bb0                TIM1_BRK_IRQHandler
                0x0000000008100bb0                EXTI1_IRQHandler
                0x0000000008100bb0                SDMMC2_IRQHandler
                0x0000000008100bb0                OTG_FS_EP1_OUT_IRQHandler
                0x0000000008100bb0                BDMA_Channel3_IRQHandler
                0x0000000008100bb0                HOLD_CORE_IRQHandler
                0x0000000008100bb0                UART7_IRQHandler
                0x0000000008100bb0                MDIOS_WKUP_IRQHandler
                0x0000000008100bb0                USART2_IRQHandler
                0x0000000008100bb0                DFSDM1_FLT0_IRQHandler
                0x0000000008100bb0                SAI4_IRQHandler
                0x0000000008100bb0                I2C2_ER_IRQHandler
                0x0000000008100bb0                DMA2_Stream1_IRQHandler
                0x0000000008100bb0                FLASH_IRQHandler
                0x0000000008100bb0                DMA2_Stream4_IRQHandler
                0x0000000008100bb0                USART1_IRQHandler
                0x0000000008100bb0                OTG_FS_IRQHandler
                0x0000000008100bb0                SPI3_IRQHandler
                0x0000000008100bb0                WAKEUP_PIN_IRQHandler
                0x0000000008100bb0                DMA1_Stream4_IRQHandler
                0x0000000008100bb0                OTG_FS_EP1_IN_IRQHandler
                0x0000000008100bb0                I2C1_ER_IRQHandler
                0x0000000008100bb0                FMC_IRQHandler
                0x0000000008100bb0                FDCAN_CAL_IRQHandler
                0x0000000008100bb0                SWPMI1_IRQHandler
                0x0000000008100bb0                COMP1_IRQHandler
                0x0000000008100bb0                LPTIM1_IRQHandler
                0x0000000008100bb0                I2C4_ER_IRQHandler
                0x0000000008100bb0                DMA2_Stream6_IRQHandler
                0x0000000008100bb0                SAI1_IRQHandler
                0x0000000008100bb0                DMA1_Stream3_IRQHandler
 *fill*         0x0000000008100bb2        0x2 
 .text.__libc_init_array
                0x0000000008100bb4       0x48 C:/ST/STM32CubeIDE_1.13.1/STM32CubeIDE/plugins/com.st.stm32cube.ide.mcu.externaltools.gnu-tools-for-stm32.11.3.rel1.win32_1.1.100.202309141235/tools/bin/../lib/gcc/arm-none-eabi/11.3.1/../../../../arm-none-eabi/lib/thumb/v7e-m+fp/hard\libc_nano.a(libc_a-init.o)
                0x0000000008100bb4                __libc_init_array
 *(.glue_7)
 .glue_7        0x0000000008100bfc        0x0 linker stubs
 *(.glue_7t)
 .glue_7t       0x0000000008100bfc        0x0 linker stubs
 *(.eh_frame)
 .eh_frame      0x0000000008100bfc        0x0 C:/ST/STM32CubeIDE_1.13.1/STM32CubeIDE/plugins/com.st.stm32cube.ide.mcu.externaltools.gnu-tools-for-stm32.11.3.rel1.win32_1.1.100.202309141235/tools/bin/../lib/gcc/arm-none-eabi/11.3.1/thumb/v7e-m+fp/hard/crtbegin.o
 *(.init)
 .init          0x0000000008100bfc        0x4 C:/ST/STM32CubeIDE_1.13.1/STM32CubeIDE/plugins/com.st.stm32cube.ide.mcu.externaltools.gnu-tools-for-stm32.11.3.rel1.win32_1.1.100.202309141235/tools/bin/../lib/gcc/arm-none-eabi/11.3.1/thumb/v7e-m+fp/hard/crti.o
                0x0000000008100bfc                _init
 .init          0x0000000008100c00        0x8 C:/ST/STM32CubeIDE_1.13.1/STM32CubeIDE/plugins/com.st.stm32cube.ide.mcu.externaltools.gnu-tools-for-stm32.11.3.rel1.win32_1.1.100.202309141235/tools/bin/../lib/gcc/arm-none-eabi/11.3.1/thumb/v7e-m+fp/hard/crtn.o
 *(.fini)
 .fini          0x0000000008100c08        0x4 C:/ST/STM32CubeIDE_1.13.1/STM32CubeIDE/plugins/com.st.stm32cube.ide.mcu.externaltools.gnu-tools-for-stm32.11.3.rel1.win32_1.1.100.202309141235/tools/bin/../lib/gcc/arm-none-eabi/11.3.1/thumb/v7e-m+fp/hard/crti.o
                0x0000000008100c08                _fini
 .fini          0x0000000008100c0c        0x8 C:/ST/STM32CubeIDE_1.13.1/STM32CubeIDE/plugins/com.st.stm32cube.ide.mcu.externaltools.gnu-tools-for-stm32.11.3.rel1.win32_1.1.100.202309141235/tools/bin/../lib/gcc/arm-none-eabi/11.3.1/thumb/v7e-m+fp/hard/crtn.o
                0x0000000008100c14                . = ALIGN (0x4)
                0x0000000008100c14                _etext = .

.vfp11_veneer   0x0000000008100c14        0x0
 .vfp11_veneer  0x0000000008100c14        0x0 linker stubs

.v4_bx          0x0000000008100c14        0x0
 .v4_bx         0x0000000008100c14        0x0 linker stubs

.iplt           0x0000000008100c14        0x0
 .iplt          0x0000000008100c14        0x0 C:/ST/STM32CubeIDE_1.13.1/STM32CubeIDE/plugins/com.st.stm32cube.ide.mcu.externaltools.gnu-tools-for-stm32.11.3.rel1.win32_1.1.100.202309141235/tools/bin/../lib/gcc/arm-none-eabi/11.3.1/thumb/v7e-m+fp/hard/crtbegin.o

.rodata         0x0000000008100c14       0x10
                0x0000000008100c14                . = ALIGN (0x4)
 *(.rodata)
 *(.rodata*)
 .rodata.D1CorePrescTable
                0x0000000008100c14       0x10 ./Drivers/CMSIS/system_stm32h7xx.o
                0x0000000008100c14                D1CorePrescTable
                0x0000000008100c24                . = ALIGN (0x4)

.rel.dyn        0x0000000008100c24        0x0
 .rel.iplt      0x0000000008100c24        0x0 C:/ST/STM32CubeIDE_1.13.1/STM32CubeIDE/plugins/com.st.stm32cube.ide.mcu.externaltools.gnu-tools-for-stm32.11.3.rel1.win32_1.1.100.202309141235/tools/bin/../lib/gcc/arm-none-eabi/11.3.1/thumb/v7e-m+fp/hard/crtbegin.o

.ARM.extab
 *(.ARM.extab* .gnu.linkonce.armextab.*)

.ARM            0x0000000008100c24        0x0
                0x0000000008100c24                __exidx_start = .
 *(.ARM.exidx*)
                0x0000000008100c24                __exidx_end = .

.preinit_array  0x0000000008100c24        0x0
                0x0000000008100c24                PROVIDE (__preinit_array_start = .)
 *(.preinit_array*)
                0x0000000008100c24                PROVIDE (__preinit_array_end = .)

.init_array     0x0000000008100c24        0x4
                0x0000000008100c24                PROVIDE (__init_array_start = .)
 *(SORT_BY_NAME(.init_array.*))
 *(.init_array*)
 .init_array    0x0000000008100c24        0x4 C:/ST/STM32CubeIDE_1.13.1/STM32CubeIDE/plugins/com.st.stm32cube.ide.mcu.externaltools.gnu-tools-for-stm32.11.3.rel1.win32_1.1.100.202309141235/tools/bin/../lib/gcc/arm-none-eabi/11.3.1/thumb/v7e-m+fp/hard/crtbegin.o
                0x0000000008100c28                PROVIDE (__init_array_end = .)

.fini_array     0x0000000008100c28        0x4
                [!provide]                        PROVIDE (__fini_array_start = .)
 *(SORT_BY_NAME(.fini_array.*))
 *(.fini_array*)
 .fini_array    0x0000000008100c28        0x4 C:/ST/STM32CubeIDE_1.13.1/STM32CubeIDE/plugins/com.st.stm32cube.ide.mcu.externaltools.gnu-tools-for-stm32.11.3.rel1.win32_1.1.100.202309141235/tools/bin/../lib/gcc/arm-none-eabi/11.3.1/thumb/v7e-m+fp/hard/crtbegin.o
                [!provide]                        PROVIDE (__fini_array_end = .)
                0x0000000008100c2c                _sidata = LOADADDR (.data)

.data           0x0000000010000000       0x10 load address 0x0000000008100c2c
                0x0000000010000000                . = ALIGN (0x4)
                0x0000000010000000                _sdata = .
 *(.data)
 *(.data*)
 .data.SystemCoreClock
                0x0000000010000000        0x4 ./Drivers/CMSIS/system_stm32h7xx.o
                0x0000000010000000                SystemCoreClock
 .data.SystemD2Clock
                0x0000000010000004        0x4 ./Drivers/CMSIS/system_stm32h7xx.o
                0x0000000010000004                SystemD2Clock
 .data.uwTickPrio
                0x0000000010000008        0x4 ./Drivers/STM32H7xx_HAL_Driver/stm32h7xx_hal.o
                0x0000000010000008                uwTickPrio
 .data.uwTickFreq
                0x000000001000000c        0x1 ./Drivers/STM32H7xx_HAL_Driver/stm32h7xx_hal.o
                0x000000001000000c                uwTickFreq
                0x0000000010000010                . = ALIGN (0x4)
 *fill*         0x000000001000000d        0x3 
                0x0000000010000010                _edata = .

.igot.plt       0x0000000010000010        0x0 load address 0x0000000008100c3c
 .igot.plt      0x0000000010000010        0x0 C:/ST/STM32CubeIDE_1.13.1/STM32CubeIDE/plugins/com.st.stm32cube.ide.mcu.externaltools.gnu-tools-for-stm32.11.3.rel1.win32_1.1.100.202309141235/tools/bin/../lib/gcc/arm-none-eabi/11.3.1/thumb/v7e-m+fp/hard/crtbegin.o
                0x0000000010000010                . = ALIGN (0x4)

.bss            0x0000000010000010       0x20 load address 0x0000000008100c3c
                0x0000000010000010                _sbss = .
                0x0000000010000010                __bss_start__ = _sbss
 *(.bss)
 .bss           0x0000000010000010       0x1c C:/ST/STM32CubeIDE_1.13.1/STM32CubeIDE/plugins/com.st.stm32cube.ide.mcu.externaltools.gnu-tools-for-stm32.11.3.rel1.win32_1.1.100.202309141235/tools/bin/../lib/gcc/arm-none-eabi/11.3.1/thumb/v7e-m+fp/hard/crtbegin.o
 *(.bss*)
 .bss.uwTick    0x000000001000002c        0x4 ./Drivers/STM32H7xx_HAL_Driver/stm32h7xx_hal.o
                0x000000001000002c                uwTick
 *(COMMON)
                0x0000000010000030                . = ALIGN (0x4)
                0x0000000010000030                _ebss = .
                0x0000000010000030                __bss_end__ = _ebss

._user_heap_stack
                0x0000000010000030      0x600 load address 0x0000000008100c3c
                0x0000000010000030                . = ALIGN (0x8)
                [!provide]                        PROVIDE (end = .)
                0x0000000010000030                PROVIDE (_end = .)
                0x0000000010000230                . = (. + _Min_Heap_Size)
 *fill*         0x0000000010000030      0x200 
                0x0000000010000630                . = (. + _Min_Stack_Size)
 *fill*         0x0000000010000230      0x400 
                0x0000000010000630                . = ALIGN (0x8)

/DISCARD/
 libc.a(*)
 libm.a(*)
 libgcc.a(*)

.ARM.attributes
                0x0000000000000000       0x30
 *(.ARM.attributes)
 .ARM.attributes
                0x0000000000000000       0x1e C:/ST/STM32CubeIDE_1.13.1/STM32CubeIDE/plugins/com.st.stm32cube.ide.mcu.externaltools.gnu-tools-for-stm32.11.3.rel1.win32_1.1.100.202309141235/tools/bin/../lib/gcc/arm-none-eabi/11.3.1/thumb/v7e-m+fp/hard/crti.o
 .ARM.attributes
                0x000000000000001e       0x34 C:/ST/STM32CubeIDE_1.13.1/STM32CubeIDE/plugins/com.st.stm32cube.ide.mcu.externaltools.gnu-tools-for-stm32.11.3.rel1.win32_1.1.100.202309141235/tools/bin/../lib/gcc/arm-none-eabi/11.3.1/thumb/v7e-m+fp/hard/crtbegin.o
 .ARM.attributes
                0x0000000000000052       0x34 ./Drivers/CMSIS/system_stm32h7xx.o
 .ARM.attributes
                0x0000000000000086       0x34 ./Drivers/STM32H7xx_HAL_Driver/stm32h7xx_hal.o
 .ARM.attributes
                0x00000000000000ba       0x34 ./Drivers/STM32H7xx_HAL_Driver/stm32h7xx_hal_cortex.o
 .ARM.attributes
                0x00000000000000ee       0x34 ./Drivers/STM32H7xx_HAL_Driver/stm32h7xx_hal_hsem.o
 .ARM.attributes
                0x0000000000000122       0x34 ./Drivers/STM32H7xx_HAL_Driver/stm32h7xx_hal_pwr_ex.o
 .ARM.attributes
                0x0000000000000156       0x34 ./Drivers/STM32H7xx_HAL_Driver/stm32h7xx_hal_rcc.o
 .ARM.attributes
                0x000000000000018a       0x34 ./Example/User/CM4/main.o
 .ARM.attributes
                0x00000000000001be       0x34 ./Example/User/CM4/stm32h7xx_hal_msp.o
 .ARM.attributes
                0x00000000000001f2       0x34 ./Example/User/CM4/stm32h7xx_it.o
 .ARM.attributes
                0x0000000000000226       0x21 ./Example/User/Startup/startup_stm32h745zitx.o
 .ARM.attributes
                0x0000000000000247       0x34 C:/ST/STM32CubeIDE_1.13.1/STM32CubeIDE/plugins/com.st.stm32cube.ide.mcu.externaltools.gnu-tools-for-stm32.11.3.rel1.win32_1.1.100.202309141235/tools/bin/../lib/gcc/arm-none-eabi/11.3.1/../../../../arm-none-eabi/lib/thumb/v7e-m+fp/hard\libc_nano.a(libc_a-init.o)
 .ARM.attributes
                0x000000000000027b       0x1e C:/ST/STM32CubeIDE_1.13.1/STM32CubeIDE/plugins/com.st.stm32cube.ide.mcu.externaltools.gnu-tools-for-stm32.11.3.rel1.win32_1.1.100.202309141235/tools/bin/../lib/gcc/arm-none-eabi/11.3.1/thumb/v7e-m+fp/hard/crtn.o
OUTPUT(ADC_DualModeInterleaved_CM4.elf elf32-littlearm)
LOAD linker stubs
LOAD C:/ST/STM32CubeIDE_1.13.1/STM32CubeIDE/plugins/com.st.stm32cube.ide.mcu.externaltools.gnu-tools-for-stm32.11.3.rel1.win32_1.1.100.202309141235/tools/bin/../lib/gcc/arm-none-eabi/11.3.1/../../../../arm-none-eabi/lib/thumb/v7e-m+fp/hard\libc.a
LOAD C:/ST/STM32CubeIDE_1.13.1/STM32CubeIDE/plugins/com.st.stm32cube.ide.mcu.externaltools.gnu-tools-for-stm32.11.3.rel1.win32_1.1.100.202309141235/tools/bin/../lib/gcc/arm-none-eabi/11.3.1/../../../../arm-none-eabi/lib/thumb/v7e-m+fp/hard\libm.a
LOAD C:/ST/STM32CubeIDE_1.13.1/STM32CubeIDE/plugins/com.st.stm32cube.ide.mcu.externaltools.gnu-tools-for-stm32.11.3.rel1.win32_1.1.100.202309141235/tools/bin/../lib/gcc/arm-none-eabi/11.3.1/thumb/v7e-m+fp/hard\libgcc.a

.comment        0x0000000000000000       0x43
 .comment       0x0000000000000000       0x43 C:/ST/STM32CubeIDE_1.13.1/STM32CubeIDE/plugins/com.st.stm32cube.ide.mcu.externaltools.gnu-tools-for-stm32.11.3.rel1.win32_1.1.100.202309141235/tools/bin/../lib/gcc/arm-none-eabi/11.3.1/thumb/v7e-m+fp/hard/crtbegin.o
                                         0x44 (size before relaxing)
 .comment       0x0000000000000043       0x44 ./Drivers/CMSIS/system_stm32h7xx.o
 .comment       0x0000000000000043       0x44 ./Drivers/STM32H7xx_HAL_Driver/stm32h7xx_hal.o
 .comment       0x0000000000000043       0x44 ./Drivers/STM32H7xx_HAL_Driver/stm32h7xx_hal_cortex.o
 .comment       0x0000000000000043       0x44 ./Drivers/STM32H7xx_HAL_Driver/stm32h7xx_hal_hsem.o
 .comment       0x0000000000000043       0x44 ./Drivers/STM32H7xx_HAL_Driver/stm32h7xx_hal_pwr_ex.o
 .comment       0x0000000000000043       0x44 ./Drivers/STM32H7xx_HAL_Driver/stm32h7xx_hal_rcc.o
 .comment       0x0000000000000043       0x44 ./Example/User/CM4/main.o
 .comment       0x0000000000000043       0x44 ./Example/User/CM4/stm32h7xx_hal_msp.o
 .comment       0x0000000000000043       0x44 ./Example/User/CM4/stm32h7xx_it.o

.debug_info     0x0000000000000000     0x5dcf
 .debug_info    0x0000000000000000      0x761 ./Drivers/CMSIS/system_stm32h7xx.o
 .debug_info    0x0000000000000761     0x17b0 ./Drivers/STM32H7xx_HAL_Driver/stm32h7xx_hal.o
 .debug_info    0x0000000000001f11      0xedb ./Drivers/STM32H7xx_HAL_Driver/stm32h7xx_hal_cortex.o
 .debug_info    0x0000000000002dec      0x3d3 ./Drivers/STM32H7xx_HAL_Driver/stm32h7xx_hal_hsem.o
 .debug_info    0x00000000000031bf     0x1026 ./Drivers/STM32H7xx_HAL_Driver/stm32h7xx_hal_pwr_ex.o
 .debug_info    0x00000000000041e5      0xe58 ./Drivers/STM32H7xx_HAL_Driver/stm32h7xx_hal_rcc.o
 .debug_info    0x000000000000503d      0x7d6 ./Example/User/CM4/main.o
 .debug_info    0x0000000000005813       0xad ./Example/User/CM4/stm32h7xx_hal_msp.o
 .debug_info    0x00000000000058c0      0x4ec ./Example/User/CM4/stm32h7xx_it.o
 .debug_info    0x0000000000005dac       0x23 ./Example/User/Startup/startup_stm32h745zitx.o

.debug_abbrev   0x0000000000000000     0x117d
 .debug_abbrev  0x0000000000000000      0x138 ./Drivers/CMSIS/system_stm32h7xx.o
 .debug_abbrev  0x0000000000000138      0x29f ./Drivers/STM32H7xx_HAL_Driver/stm32h7xx_hal.o
 .debug_abbrev  0x00000000000003d7      0x337 ./Drivers/STM32H7xx_HAL_Driver/stm32h7xx_hal_cortex.o
 .debug_abbrev  0x000000000000070e      0x1d3 ./Drivers/STM32H7xx_HAL_Driver/stm32h7xx_hal_hsem.o
 .debug_abbrev  0x00000000000008e1      0x2d6 ./Drivers/STM32H7xx_HAL_Driver/stm32h7xx_hal_pwr_ex.o
 .debug_abbrev  0x0000000000000bb7      0x2c8 ./Drivers/STM32H7xx_HAL_Driver/stm32h7xx_hal_rcc.o
 .debug_abbrev  0x0000000000000e7f      0x17a ./Example/User/CM4/main.o
 .debug_abbrev  0x0000000000000ff9       0x47 ./Example/User/CM4/stm32h7xx_hal_msp.o
 .debug_abbrev  0x0000000000001040      0x12b ./Example/User/CM4/stm32h7xx_it.o
 .debug_abbrev  0x000000000000116b       0x12 ./Example/User/Startup/startup_stm32h745zitx.o

.debug_aranges  0x0000000000000000      0x680
 .debug_aranges
                0x0000000000000000       0x28 ./Drivers/CMSIS/system_stm32h7xx.o
 .debug_aranges
                0x0000000000000028      0x200 ./Drivers/STM32H7xx_HAL_Driver/stm32h7xx_hal.o
 .debug_aranges
                0x0000000000000228      0x120 ./Drivers/STM32H7xx_HAL_Driver/stm32h7xx_hal_cortex.o
 .debug_aranges
                0x0000000000000348       0x70 ./Drivers/STM32H7xx_HAL_Driver/stm32h7xx_hal_hsem.o
 .debug_aranges
                0x00000000000003b8      0x170 ./Drivers/STM32H7xx_HAL_Driver/stm32h7xx_hal_pwr_ex.o
 .debug_aranges
                0x0000000000000528       0x88 ./Drivers/STM32H7xx_HAL_Driver/stm32h7xx_hal_rcc.o
 .debug_aranges
                0x00000000000005b0       0x20 ./Example/User/CM4/main.o
 .debug_aranges
                0x00000000000005d0       0x28 ./Example/User/CM4/stm32h7xx_hal_msp.o
 .debug_aranges
                0x00000000000005f8       0x60 ./Example/User/CM4/stm32h7xx_it.o
 .debug_aranges
                0x0000000000000658       0x28 ./Example/User/Startup/startup_stm32h745zitx.o

.debug_rnglists
                0x0000000000000000      0x4c5
 .debug_rnglists
                0x0000000000000000       0x1a ./Drivers/CMSIS/system_stm32h7xx.o
 .debug_rnglists
                0x000000000000001a      0x181 ./Drivers/STM32H7xx_HAL_Driver/stm32h7xx_hal.o
 .debug_rnglists
                0x000000000000019b       0xd4 ./Drivers/STM32H7xx_HAL_Driver/stm32h7xx_hal_cortex.o
 .debug_rnglists
                0x000000000000026f       0x4f ./Drivers/STM32H7xx_HAL_Driver/stm32h7xx_hal_hsem.o
 .debug_rnglists
                0x00000000000002be      0x117 ./Drivers/STM32H7xx_HAL_Driver/stm32h7xx_hal_pwr_ex.o
 .debug_rnglists
                0x00000000000003d5       0x68 ./Drivers/STM32H7xx_HAL_Driver/stm32h7xx_hal_rcc.o
 .debug_rnglists
                0x000000000000043d       0x13 ./Example/User/CM4/main.o
 .debug_rnglists
                0x0000000000000450       0x19 ./Example/User/CM4/stm32h7xx_hal_msp.o
 .debug_rnglists
                0x0000000000000469       0x43 ./Example/User/CM4/stm32h7xx_it.o
 .debug_rnglists
                0x00000000000004ac       0x19 ./Example/User/Startup/startup_stm32h745zitx.o

.debug_macro    0x0000000000000000     0x3137
 .debug_macro   0x0000000000000000      0x557 ./Drivers/CMSIS/system_stm32h7xx.o
 .debug_macro   0x0000000000000557      0x57b ./Drivers/STM32H7xx_HAL_Driver/stm32h7xx_hal.o
 .debug_macro   0x0000000000000ad2      0x551 ./Drivers/STM32H7xx_HAL_Driver/stm32h7xx_hal_cortex.o
 .debug_macro   0x0000000000001023      0x563 ./Drivers/STM32H7xx_HAL_Driver/stm32h7xx_hal_hsem.o
 .debug_macro   0x0000000000001586      0x58a ./Drivers/STM32H7xx_HAL_Driver/stm32h7xx_hal_pwr_ex.o
 .debug_macro   0x0000000000001b10      0x575 ./Drivers/STM32H7xx_HAL_Driver/stm32h7xx_hal_rcc.o
 .debug_macro   0x0000000000002085      0x582 ./Example/User/CM4/main.o
 .debug_macro   0x0000000000002607       0x2e ./Example/User/CM4/main.o
 .debug_macro   0x0000000000002635      0x57c ./Example/User/CM4/stm32h7xx_hal_msp.o
 .debug_macro   0x0000000000002bb1      0x586 ./Example/User/CM4/stm32h7xx_it.o

.debug_line     0x0000000000000000     0xaf05
 .debug_line    0x0000000000000000     0x1073 ./Drivers/CMSIS/system_stm32h7xx.o
 .debug_line    0x0000000000001073     0x1651 ./Drivers/STM32H7xx_HAL_Driver/stm32h7xx_hal.o
 .debug_line    0x00000000000026c4     0x1504 ./Drivers/STM32H7xx_HAL_Driver/stm32h7xx_hal_cortex.o
 .debug_line    0x0000000000003bc8     0x10b4 ./Drivers/STM32H7xx_HAL_Driver/stm32h7xx_hal_hsem.o
 .debug_line    0x0000000000004c7c     0x171f ./Drivers/STM32H7xx_HAL_Driver/stm32h7xx_hal_pwr_ex.o
 .debug_line    0x000000000000639b     0x1ac2 ./Drivers/STM32H7xx_HAL_Driver/stm32h7xx_hal_rcc.o
 .debug_line    0x0000000000007e5d      0xfd3 ./Example/User/CM4/main.o
 .debug_line    0x0000000000008e30      0xfd6 ./Example/User/CM4/stm32h7xx_hal_msp.o
 .debug_line    0x0000000000009e06     0x1085 ./Example/User/CM4/stm32h7xx_it.o
 .debug_line    0x000000000000ae8b       0x7a ./Example/User/Startup/startup_stm32h745zitx.o

.debug_str      0x0000000000000000   0x1ee531
 .debug_str     0x0000000000000000   0x1eb259 ./Drivers/CMSIS/system_stm32h7xx.o
                                     0x1eb900 (size before relaxing)
 .debug_str     0x00000000001eb259     0x130e ./Drivers/STM32H7xx_HAL_Driver/stm32h7xx_hal.o
                                     0x1ecc60 (size before relaxing)
 .debug_str     0x00000000001ec567      0x3ad ./Drivers/STM32H7xx_HAL_Driver/stm32h7xx_hal_cortex.o
                                     0x1ec3ae (size before relaxing)
 .debug_str     0x00000000001ec914      0x24b ./Drivers/STM32H7xx_HAL_Driver/stm32h7xx_hal_hsem.o
                                     0x1eb7d9 (size before relaxing)
 .debug_str     0x00000000001ecb5f      0x718 ./Drivers/STM32H7xx_HAL_Driver/stm32h7xx_hal_pwr_ex.o
                                     0x1ebfa4 (size before relaxing)
 .debug_str     0x00000000001ed277      0x5c4 ./Drivers/STM32H7xx_HAL_Driver/stm32h7xx_hal_rcc.o
                                     0x1ebecf (size before relaxing)
 .debug_str     0x00000000001ed83b      0x905 ./Example/User/CM4/main.o
                                     0x1ec1d0 (size before relaxing)
 .debug_str     0x00000000001ee140       0x61 ./Example/User/CM4/stm32h7xx_hal_msp.o
                                     0x1ebe55 (size before relaxing)
 .debug_str     0x00000000001ee1a1      0x354 ./Example/User/CM4/stm32h7xx_it.o
                                     0x1ec167 (size before relaxing)
 .debug_str     0x00000000001ee4f5       0x3c ./Example/User/Startup/startup_stm32h745zitx.o
                                         0x98 (size before relaxing)

.debug_frame    0x0000000000000000     0x18b0
 .debug_frame   0x0000000000000000       0x58 ./Drivers/CMSIS/system_stm32h7xx.o
 .debug_frame   0x0000000000000058      0x848 ./Drivers/STM32H7xx_HAL_Driver/stm32h7xx_hal.o
 .debug_frame   0x00000000000008a0      0x4b8 ./Drivers/STM32H7xx_HAL_Driver/stm32h7xx_hal_cortex.o
 .debug_frame   0x0000000000000d58      0x1bc ./Drivers/STM32H7xx_HAL_Driver/stm32h7xx_hal_hsem.o
 .debug_frame   0x0000000000000f14      0x5ec ./Drivers/STM32H7xx_HAL_Driver/stm32h7xx_hal_pwr_ex.o
 .debug_frame   0x0000000000001500      0x1f8 ./Drivers/STM32H7xx_HAL_Driver/stm32h7xx_hal_rcc.o
 .debug_frame   0x00000000000016f8       0x30 ./Example/User/CM4/main.o
 .debug_frame   0x0000000000001728       0x50 ./Example/User/CM4/stm32h7xx_hal_msp.o
 .debug_frame   0x0000000000001778      0x10c ./Example/User/CM4/stm32h7xx_it.o
 .debug_frame   0x0000000000001884       0x2c C:/ST/STM32CubeIDE_1.13.1/STM32CubeIDE/plugins/com.st.stm32cube.ide.mcu.externaltools.gnu-tools-for-stm32.11.3.rel1.win32_1.1.100.202309141235/tools/bin/../lib/gcc/arm-none-eabi/11.3.1/../../../../arm-none-eabi/lib/thumb/v7e-m+fp/hard\libc_nano.a(libc_a-init.o)

.debug_line_str
                0x0000000000000000       0x8c
 .debug_line_str
                0x0000000000000000       0x8c ./Example/User/Startup/startup_stm32h745zitx.o
                                         0xa4 (size before relaxing)
